// Jest Snapshot v1, https://goo.gl/fbAQLP

exports[`Checking the Transfer Money Component should render the Transfer Money Component 1`] = `
<div>
  <div
    className="container w-25 p-5 shadow bg-body rounded position-absolute top-50 start-50 translate-middle"
  >
    <div
      className="mb-3 text-center h5"
      data-testid="transferHeader"
    >
      Enter details to Transfer Money
    </div>
    <form
      onSubmit={[Function]}
    >
      <div
        className="MuiFormControl-root MuiFormControl-fullWidth mt-3 css-q8hpuo-MuiFormControl-root"
      >
        <label
          className="MuiFormLabel-root MuiInputLabel-root MuiInputLabel-formControl MuiInputLabel-animated MuiInputLabel-sizeMedium MuiInputLabel-outlined MuiFormLabel-colorPrimary MuiInputLabel-root MuiInputLabel-formControl MuiInputLabel-animated MuiInputLabel-sizeMedium MuiInputLabel-outlined css-14s5rfu-MuiFormLabel-root-MuiInputLabel-root"
          data-shrink={false}
          id="payment-label"
        >
          Select Payee's Nick Name
        </label>
        <div
          aria-label="payeeId"
          className="MuiInputBase-root MuiOutlinedInput-root MuiInputBase-colorPrimary MuiInputBase-formControl  css-1yk1gt9-MuiInputBase-root-MuiOutlinedInput-root-MuiSelect-root"
          onClick={[Function]}
          required={true}
        >
          <div
            aria-controls=":r0:"
            aria-expanded="false"
            aria-haspopup="listbox"
            aria-labelledby="payment-label payeeId"
            className="MuiSelect-select MuiSelect-outlined MuiInputBase-input MuiOutlinedInput-input css-11u53oe-MuiSelect-select-MuiInputBase-input-MuiOutlinedInput-input"
            id="payeeId"
            onBlur={[Function]}
            onFocus={[Function]}
            onKeyDown={[Function]}
            onMouseDown={[Function]}
            role="combobox"
            tabIndex={0}
          >
            <span
              className="notranslate"
            >
              ​
            </span>
          </div>
          <input
            aria-hidden={true}
            aria-invalid={false}
            className="MuiSelect-nativeInput css-yf8vq0-MuiSelect-nativeInput"
            disabled={false}
            name="payeeId"
            onAnimationStart={[Function]}
            onChange={[Function]}
            required={true}
            tabIndex={-1}
          />
          <svg
            aria-hidden={true}
            className="MuiSvgIcon-root MuiSvgIcon-fontSizeMedium MuiSelect-icon MuiSelect-iconOutlined css-hfutr2-MuiSvgIcon-root-MuiSelect-icon"
            data-testid="ArrowDropDownIcon"
            focusable="false"
            viewBox="0 0 24 24"
          >
            <path
              d="M7 10l5 5 5-5z"
            />
          </svg>
          <fieldset
            aria-hidden={true}
            className="MuiOutlinedInput-notchedOutline css-1d3z3hw-MuiOutlinedInput-notchedOutline"
          >
            <legend
              className="css-yjsfm1"
            >
              <span>
                Select Payee's Nick Name
                 
                *
              </span>
            </legend>
          </fieldset>
        </div>
      </div>
      <div
        aria-label="amount"
        className="MuiFormControl-root MuiFormControl-fullWidth MuiTextField-root mt-3 css-wb57ya-MuiFormControl-root-MuiTextField-root"
      >
        <label
          className="MuiFormLabel-root MuiInputLabel-root MuiInputLabel-formControl MuiInputLabel-animated MuiInputLabel-shrink MuiInputLabel-sizeMedium MuiInputLabel-standard MuiFormLabel-colorPrimary Mui-required MuiInputLabel-root MuiInputLabel-formControl MuiInputLabel-animated MuiInputLabel-shrink MuiInputLabel-sizeMedium MuiInputLabel-standard css-1c2i806-MuiFormLabel-root-MuiInputLabel-root"
          data-shrink={true}
          htmlFor="amount"
          id="amount-label"
        >
          amount
          <span
            aria-hidden={true}
            className="MuiFormLabel-asterisk MuiInputLabel-asterisk css-wgai2y-MuiFormLabel-asterisk"
          >
             
            *
          </span>
        </label>
        <div
          className="MuiInputBase-root MuiInput-root MuiInput-underline MuiInputBase-colorPrimary MuiInputBase-fullWidth MuiInputBase-formControl MuiInputBase-adornedStart css-953pxc-MuiInputBase-root-MuiInput-root"
          onClick={[Function]}
        >
          <div
            className="MuiInputAdornment-root MuiInputAdornment-positionStart MuiInputAdornment-standard MuiInputAdornment-sizeMedium css-ittuaa-MuiInputAdornment-root"
          >
            <p
              className="MuiTypography-root MuiTypography-body1 css-1pnmrwp-MuiTypography-root"
            >
              Rs:
            </p>
          </div>
          <input
            aria-invalid={false}
            autoComplete="off"
            autoFocus={false}
            className="MuiInputBase-input MuiInput-input MuiInputBase-inputAdornedStart css-1x51dt5-MuiInputBase-input-MuiInput-input"
            disabled={false}
            id="amount"
            name="amount"
            onAnimationStart={[Function]}
            onBlur={[Function]}
            onChange={[Function]}
            onFocus={[Function]}
            required={true}
            type="number"
          />
        </div>
      </div>
      <div
        className="mt-3"
      >
        <button
          className="MuiButtonBase-root MuiButton-root MuiButton-contained MuiButton-containedPrimary MuiButton-sizeMedium MuiButton-containedSizeMedium MuiButton-colorPrimary MuiButton-root MuiButton-contained MuiButton-containedPrimary MuiButton-sizeMedium MuiButton-containedSizeMedium MuiButton-colorPrimary float-end css-sghohy-MuiButtonBase-root-MuiButton-root"
          disabled={false}
          onBlur={[Function]}
          onContextMenu={[Function]}
          onDragLeave={[Function]}
          onFocus={[Function]}
          onKeyDown={[Function]}
          onKeyUp={[Function]}
          onMouseDown={[Function]}
          onMouseLeave={[Function]}
          onMouseUp={[Function]}
          onTouchEnd={[Function]}
          onTouchMove={[Function]}
          onTouchStart={[Function]}
          tabIndex={0}
          type="submit"
        >
          Transfer
        </button>
      </div>
    </form>
  </div>
</div>
`;
